{
  "version": "1.5.0",
  "plugins_used": [
    {
      "name": "ArtifactoryDetector"
    },
    {
      "name": "AWSKeyDetector"
    },
    {
      "name": "AzureStorageKeyDetector"
    },
    {
      "name": "Base64HighEntropyString",
      "limit": 4.5
    },
    {
      "name": "BasicAuthDetector"
    },
    {
      "name": "CloudantDetector"
    },
    {
      "name": "DiscordBotTokenDetector"
    },
    {
      "name": "GitHubTokenDetector"
    },
    {
      "name": "GitLabTokenDetector"
    },
    {
      "name": "HexHighEntropyString",
      "limit": 3.0
    },
    {
      "name": "IbmCloudIamDetector"
    },
    {
      "name": "IbmCosHmacDetector"
    },
    {
      "name": "IPPublicDetector"
    },
    {
      "name": "JwtTokenDetector"
    },
    {
      "name": "KeywordDetector",
      "keyword_exclude": ""
    },
    {
      "name": "MailchimpDetector"
    },
    {
      "name": "NpmDetector"
    },
    {
      "name": "OpenAIDetector"
    },
    {
      "name": "PrivateKeyDetector"
    },
    {
      "name": "PypiTokenDetector"
    },
    {
      "name": "SendGridDetector"
    },
    {
      "name": "SlackDetector"
    },
    {
      "name": "SoftlayerDetector"
    },
    {
      "name": "SquareOAuthDetector"
    },
    {
      "name": "StripeDetector"
    },
    {
      "name": "TelegramBotTokenDetector"
    },
    {
      "name": "TwilioKeyDetector"
    }
  ],
  "filters_used": [
    {
      "path": "detect_secrets.filters.allowlist.is_line_allowlisted"
    },
    {
      "path": "detect_secrets.filters.common.is_baseline_file",
      "filename": ".secrets.baseline"
    },
    {
      "path": "detect_secrets.filters.common.is_ignored_due_to_verification_policies",
      "min_level": 2
    },
    {
      "path": "detect_secrets.filters.heuristic.is_indirect_reference"
    },
    {
      "path": "detect_secrets.filters.heuristic.is_likely_id_string"
    },
    {
      "path": "detect_secrets.filters.heuristic.is_lock_file"
    },
    {
      "path": "detect_secrets.filters.heuristic.is_not_alphanumeric_string"
    },
    {
      "path": "detect_secrets.filters.heuristic.is_potential_uuid"
    },
    {
      "path": "detect_secrets.filters.heuristic.is_prefixed_with_dollar_sign"
    },
    {
      "path": "detect_secrets.filters.heuristic.is_sequential_string"
    },
    {
      "path": "detect_secrets.filters.heuristic.is_swagger_file"
    },
    {
      "path": "detect_secrets.filters.heuristic.is_templated_secret"
    }
  ],
  "results": {
    ".agentflow/llm_gateway.yaml": [
      {
        "type": "Secret Keyword",
        "filename": ".agentflow/llm_gateway.yaml",
        "hashed_secret": "02ecb94373bfb3dfe827ca18409f50b016e8302a",
        "is_verified": false,
        "line_number": 8
      },
      {
        "type": "Secret Keyword",
        "filename": ".agentflow/llm_gateway.yaml",
        "hashed_secret": "f8ca0d7266886f4b5be9adddc9b66017b3bf1a4b",
        "is_verified": false,
        "line_number": 13
      },
      {
        "type": "Secret Keyword",
        "filename": ".agentflow/llm_gateway.yaml",
        "hashed_secret": "3e10d010e7dfb478858d30459fa03f3824340d47",
        "is_verified": false,
        "line_number": 18
      }
    ],
    "apps/code_migration_assistant/api.py": [
      {
        "type": "Secret Keyword",
        "filename": "apps/code_migration_assistant/api.py",
        "hashed_secret": "434060546824bb8fbc944b07d40959e956c895d7",
        "is_verified": false,
        "line_number": 74
      },
      {
        "type": "Secret Keyword",
        "filename": "apps/code_migration_assistant/api.py",
        "hashed_secret": "640990072e552ad43799dde8875b0e46a7e3ac6a",
        "is_verified": false,
        "line_number": 75
      }
    ],
    "apps/code_migration_assistant/backend/app.py": [
      {
        "type": "Secret Keyword",
        "filename": "apps/code_migration_assistant/backend/app.py",
        "hashed_secret": "434060546824bb8fbc944b07d40959e956c895d7",
        "is_verified": false,
        "line_number": 704
      },
      {
        "type": "Secret Keyword",
        "filename": "apps/code_migration_assistant/backend/app.py",
        "hashed_secret": "640990072e552ad43799dde8875b0e46a7e3ac6a",
        "is_verified": false,
        "line_number": 705
      }
    ],
    "apps/code_migration_assistant/frontend/webapp.py": [
      {
        "type": "Secret Keyword",
        "filename": "apps/code_migration_assistant/frontend/webapp.py",
        "hashed_secret": "434060546824bb8fbc944b07d40959e956c895d7",
        "is_verified": false,
        "line_number": 42
      },
      {
        "type": "Secret Keyword",
        "filename": "apps/code_migration_assistant/frontend/webapp.py",
        "hashed_secret": "640990072e552ad43799dde8875b0e46a7e3ac6a",
        "is_verified": false,
        "line_number": 43
      }
    ],
    "apps/decision_governance_engine/.env.example": [
      {
        "type": "Basic Auth Credentials",
        "filename": "apps/decision_governance_engine/.env.example",
        "hashed_secret": "1f8d0cd6fd6371780045a409b29a362c962a2285",
        "is_verified": false,
        "line_number": 31
      }
    ],
    "apps/decision_governance_engine/alembic.ini": [
      {
        "type": "Basic Auth Credentials",
        "filename": "apps/decision_governance_engine/alembic.ini",
        "hashed_secret": "1f8d0cd6fd6371780045a409b29a362c962a2285",
        "is_verified": false,
        "line_number": 92
      }
    ],
    "apps/decision_governance_engine/app_config.json": [
      {
        "type": "Basic Auth Credentials",
        "filename": "apps/decision_governance_engine/app_config.json",
        "hashed_secret": "1f8d0cd6fd6371780045a409b29a362c962a2285",
        "is_verified": false,
        "line_number": 105
      },
      {
        "type": "Secret Keyword",
        "filename": "apps/decision_governance_engine/app_config.json",
        "hashed_secret": "949df9201e091dd8ffc79f0842fd26abf90111ed",
        "is_verified": false,
        "line_number": 119
      }
    ],
    "apps/decision_governance_engine/frontend/src/components/LoginPage.tsx": [
      {
        "type": "Secret Keyword",
        "filename": "apps/decision_governance_engine/frontend/src/components/LoginPage.tsx",
        "hashed_secret": "f865b53623b121fd34ee5426c792e5c33af8c227",
        "is_verified": false,
        "line_number": 16
      },
      {
        "type": "Secret Keyword",
        "filename": "apps/decision_governance_engine/frontend/src/components/LoginPage.tsx",
        "hashed_secret": "7d9a6a0de07b5d3a621d1742ddcdeab0409e8878",
        "is_verified": false,
        "line_number": 22
      },
      {
        "type": "Secret Keyword",
        "filename": "apps/decision_governance_engine/frontend/src/components/LoginPage.tsx",
        "hashed_secret": "0015272dfae14656c1a5e060701c5e69a701eb38",
        "is_verified": false,
        "line_number": 28
      },
      {
        "type": "Secret Keyword",
        "filename": "apps/decision_governance_engine/frontend/src/components/LoginPage.tsx",
        "hashed_secret": "6f3a3b336fd4132a6fdcb953d530724bedcfd88f",
        "is_verified": false,
        "line_number": 34
      }
    ],
    "apps/decision_governance_engine/frontend/src/i18n/locales/en.json": [
      {
        "type": "Secret Keyword",
        "filename": "apps/decision_governance_engine/frontend/src/i18n/locales/en.json",
        "hashed_secret": "8be3c943b1609fffbfc51aad666d0a04adf83c9d",
        "is_verified": false,
        "line_number": 6
      },
      {
        "type": "Secret Keyword",
        "filename": "apps/decision_governance_engine/frontend/src/i18n/locales/en.json",
        "hashed_secret": "570591c060a999e9ab1592763c74d881b7654ee1",
        "is_verified": false,
        "line_number": 10
      },
      {
        "type": "Secret Keyword",
        "filename": "apps/decision_governance_engine/frontend/src/i18n/locales/en.json",
        "hashed_secret": "47acd2028cf81b5da88ddeedb2aea4eca4b71fbd",
        "is_verified": false,
        "line_number": 497
      }
    ],
    "apps/decision_governance_engine/frontend/src/i18n/locales/ja.json": [
      {
        "type": "Secret Keyword",
        "filename": "apps/decision_governance_engine/frontend/src/i18n/locales/ja.json",
        "hashed_secret": "20cff9da46719805d7fe563353ad67624227b054",
        "is_verified": false,
        "line_number": 497
      }
    ],
    "apps/decision_governance_engine/frontend/src/i18n/locales/zh.json": [
      {
        "type": "Secret Keyword",
        "filename": "apps/decision_governance_engine/frontend/src/i18n/locales/zh.json",
        "hashed_secret": "954d6c19a494868686563829804076b33cce2d18",
        "is_verified": false,
        "line_number": 497
      }
    ],
    "apps/decision_governance_engine/migrations/versions/20260210_2100_add_report_case_id_and_human_review_records.py": [
      {
        "type": "Hex High Entropy String",
        "filename": "apps/decision_governance_engine/migrations/versions/20260210_2100_add_report_case_id_and_human_review_records.py",
        "hashed_secret": "902aef154b25e376850a5dab4ccee585b61a50b8",
        "is_verified": false,
        "line_number": 14
      }
    ],
    "apps/decision_governance_engine/migrations/versions/20260215_2200_add_stage_io_logs.py": [
      {
        "type": "Hex High Entropy String",
        "filename": "apps/decision_governance_engine/migrations/versions/20260215_2200_add_stage_io_logs.py",
        "hashed_secret": "47f5277e7e0fbc7587a05a7a911337ad3075d15f",
        "is_verified": false,
        "line_number": 14
      },
      {
        "type": "Hex High Entropy String",
        "filename": "apps/decision_governance_engine/migrations/versions/20260215_2200_add_stage_io_logs.py",
        "hashed_secret": "902aef154b25e376850a5dab4ccee585b61a50b8",
        "is_verified": false,
        "line_number": 15
      }
    ],
    "apps/decision_governance_engine/repositories/database.py": [
      {
        "type": "Basic Auth Credentials",
        "filename": "apps/decision_governance_engine/repositories/database.py",
        "hashed_secret": "1f8d0cd6fd6371780045a409b29a362c962a2285",
        "is_verified": false,
        "line_number": 28
      }
    ],
    "apps/design_skills_engine/main.py": [
      {
        "type": "Secret Keyword",
        "filename": "apps/design_skills_engine/main.py",
        "hashed_secret": "22165ed03b8b408687d5ff8e239a4ce6c476ce30",
        "is_verified": false,
        "line_number": 36
      },
      {
        "type": "Secret Keyword",
        "filename": "apps/design_skills_engine/main.py",
        "hashed_secret": "fc44236082101c3c25899bad08fd43366fa21641",
        "is_verified": false,
        "line_number": 37
      }
    ],
    "apps/dev_studio/main.py": [
      {
        "type": "Secret Keyword",
        "filename": "apps/dev_studio/main.py",
        "hashed_secret": "272522c2a43a081edd140ae567e62f78492ca027",
        "is_verified": false,
        "line_number": 43
      },
      {
        "type": "Secret Keyword",
        "filename": "apps/dev_studio/main.py",
        "hashed_secret": "c41c9870e59c7dca64823f04e115a8aa157a2d5b",
        "is_verified": false,
        "line_number": 44
      }
    ],
    "apps/faq_system/README.md": [
      {
        "type": "Basic Auth Credentials",
        "filename": "apps/faq_system/README.md",
        "hashed_secret": "9d4e1e23bd5b727046a9e3b4b7db57bd8d6ee684",
        "is_verified": false,
        "line_number": 238
      },
      {
        "type": "Secret Keyword",
        "filename": "apps/faq_system/README.md",
        "hashed_secret": "f865b53623b121fd34ee5426c792e5c33af8c227",
        "is_verified": false,
        "line_number": 507
      },
      {
        "type": "Secret Keyword",
        "filename": "apps/faq_system/README.md",
        "hashed_secret": "206c80413b9a96c1312cc346b7d2517b84463edd",
        "is_verified": false,
        "line_number": 635
      },
      {
        "type": "Private Key",
        "filename": "apps/faq_system/README.md",
        "hashed_secret": "1348b145fa1a555461c1b790a2f66614781091e9",
        "is_verified": false,
        "line_number": 668
      },
      {
        "type": "Secret Keyword",
        "filename": "apps/faq_system/README.md",
        "hashed_secret": "497a0fec9a6323dbe24dd881019e78c66d56cd43",
        "is_verified": false,
        "line_number": 732
      },
      {
        "type": "Basic Auth Credentials",
        "filename": "apps/faq_system/README.md",
        "hashed_secret": "af69adc1273aa87a9b092ba61297e4ea1f2dfc00",
        "is_verified": false,
        "line_number": 967
      }
    ],
    "apps/faq_system/app_config.json": [
      {
        "type": "Basic Auth Credentials",
        "filename": "apps/faq_system/app_config.json",
        "hashed_secret": "af69adc1273aa87a9b092ba61297e4ea1f2dfc00",
        "is_verified": false,
        "line_number": 134
      },
      {
        "type": "Secret Keyword",
        "filename": "apps/faq_system/app_config.json",
        "hashed_secret": "68506be82699ab3bed1d0d59c10788394827b28e",
        "is_verified": false,
        "line_number": 144
      }
    ],
    "apps/faq_system/backend/auth/dependencies.py": [
      {
        "type": "Secret Keyword",
        "filename": "apps/faq_system/backend/auth/dependencies.py",
        "hashed_secret": "765321008eb1a343c3b2c5fcf6c13fdb096bba37",
        "is_verified": false,
        "line_number": 587
      },
      {
        "type": "Secret Keyword",
        "filename": "apps/faq_system/backend/auth/dependencies.py",
        "hashed_secret": "736b3057d4cc7d85206dce43fa22216a4dc9dede",
        "is_verified": false,
        "line_number": 588
      }
    ],
    "apps/faq_system/backend/auth/service.py": [
      {
        "type": "Secret Keyword",
        "filename": "apps/faq_system/backend/auth/service.py",
        "hashed_secret": "f865b53623b121fd34ee5426c792e5c33af8c227",
        "is_verified": false,
        "line_number": 79
      },
      {
        "type": "Secret Keyword",
        "filename": "apps/faq_system/backend/auth/service.py",
        "hashed_secret": "7d9a6a0de07b5d3a621d1742ddcdeab0409e8878",
        "is_verified": false,
        "line_number": 86
      },
      {
        "type": "Secret Keyword",
        "filename": "apps/faq_system/backend/auth/service.py",
        "hashed_secret": "0015272dfae14656c1a5e060701c5e69a701eb38",
        "is_verified": false,
        "line_number": 93
      },
      {
        "type": "Secret Keyword",
        "filename": "apps/faq_system/backend/auth/service.py",
        "hashed_secret": "6f3a3b336fd4132a6fdcb953d530724bedcfd88f",
        "is_verified": false,
        "line_number": 100
      },
      {
        "type": "Secret Keyword",
        "filename": "apps/faq_system/backend/auth/service.py",
        "hashed_secret": "f78de8387479521145f735efe6c3b3bfc94a11cb",
        "is_verified": false,
        "line_number": 107
      }
    ],
    "apps/faq_system/backend/mcp/backends/external_api.py": [
      {
        "type": "Secret Keyword",
        "filename": "apps/faq_system/backend/mcp/backends/external_api.py",
        "hashed_secret": "ec417f567082612f8fd6afafe1abcab831fca840",
        "is_verified": false,
        "line_number": 9
      }
    ],
    "apps/faq_system/backend/services/rag_runtime_config.py": [
      {
        "type": "Secret Keyword",
        "filename": "apps/faq_system/backend/services/rag_runtime_config.py",
        "hashed_secret": "31e10e63573191fea2b232e79184074e9e570fe2",
        "is_verified": false,
        "line_number": 128
      },
      {
        "type": "Secret Keyword",
        "filename": "apps/faq_system/backend/services/rag_runtime_config.py",
        "hashed_secret": "eb9424eb301e99964ca68c727a2f8474758dd6f7",
        "is_verified": false,
        "line_number": 140
      },
      {
        "type": "Secret Keyword",
        "filename": "apps/faq_system/backend/services/rag_runtime_config.py",
        "hashed_secret": "588b103033a5c416b7e21ff2ecd8e0490ed9f749",
        "is_verified": false,
        "line_number": 151
      }
    ],
    "apps/faq_system/docker-compose.dev.yml": [
      {
        "type": "Basic Auth Credentials",
        "filename": "apps/faq_system/docker-compose.dev.yml",
        "hashed_secret": "af69adc1273aa87a9b092ba61297e4ea1f2dfc00",
        "is_verified": false,
        "line_number": 53
      }
    ],
    "apps/faq_system/docs/QUICK_LOGIN_IMPLEMENTATION.md": [
      {
        "type": "Secret Keyword",
        "filename": "apps/faq_system/docs/QUICK_LOGIN_IMPLEMENTATION.md",
        "hashed_secret": "f865b53623b121fd34ee5426c792e5c33af8c227",
        "is_verified": false,
        "line_number": 67
      }
    ],
    "apps/faq_system/frontend/src/i18n/locales/en.json": [
      {
        "type": "Secret Keyword",
        "filename": "apps/faq_system/frontend/src/i18n/locales/en.json",
        "hashed_secret": "8be3c943b1609fffbfc51aad666d0a04adf83c9d",
        "is_verified": false,
        "line_number": 7
      },
      {
        "type": "Secret Keyword",
        "filename": "apps/faq_system/frontend/src/i18n/locales/en.json",
        "hashed_secret": "044b852f30b636aa923b18a61a35c79abc87556f",
        "is_verified": false,
        "line_number": 12
      },
      {
        "type": "Secret Keyword",
        "filename": "apps/faq_system/frontend/src/i18n/locales/en.json",
        "hashed_secret": "e40123b4e7879a56fc22171a9ae637d418288daa",
        "is_verified": false,
        "line_number": 13
      },
      {
        "type": "Secret Keyword",
        "filename": "apps/faq_system/frontend/src/i18n/locales/en.json",
        "hashed_secret": "570591c060a999e9ab1592763c74d881b7654ee1",
        "is_verified": false,
        "line_number": 24
      },
      {
        "type": "Secret Keyword",
        "filename": "apps/faq_system/frontend/src/i18n/locales/en.json",
        "hashed_secret": "ec85145d0670b17a165670856941040da4c356a7",
        "is_verified": false,
        "line_number": 87
      }
    ],
    "apps/faq_system/tests/conftest.py": [
      {
        "type": "Secret Keyword",
        "filename": "apps/faq_system/tests/conftest.py",
        "hashed_secret": "fcae57db2c5da4f5ba49ca4320e8c8144dd4dbe1",
        "is_verified": false,
        "line_number": 15
      },
      {
        "type": "Secret Keyword",
        "filename": "apps/faq_system/tests/conftest.py",
        "hashed_secret": "61aecca725d439cf03728e1f4deac81ea684064b",
        "is_verified": false,
        "line_number": 16
      }
    ],
    "apps/faq_system/tests/test_access_control_api.py": [
      {
        "type": "Secret Keyword",
        "filename": "apps/faq_system/tests/test_access_control_api.py",
        "hashed_secret": "2f4de0eff521909e5d183c7ab872a94560fccc28",
        "is_verified": false,
        "line_number": 67
      }
    ],
    "apps/faq_system/tests/test_api_raw.sh": [
      {
        "type": "Secret Keyword",
        "filename": "apps/faq_system/tests/test_api_raw.sh",
        "hashed_secret": "f865b53623b121fd34ee5426c792e5c33af8c227",
        "is_verified": false,
        "line_number": 8
      }
    ],
    "apps/faq_system/tests/test_auth.py": [
      {
        "type": "Secret Keyword",
        "filename": "apps/faq_system/tests/test_auth.py",
        "hashed_secret": "fcae57db2c5da4f5ba49ca4320e8c8144dd4dbe1",
        "is_verified": false,
        "line_number": 26
      },
      {
        "type": "Secret Keyword",
        "filename": "apps/faq_system/tests/test_auth.py",
        "hashed_secret": "61aecca725d439cf03728e1f4deac81ea684064b",
        "is_verified": false,
        "line_number": 27
      },
      {
        "type": "Secret Keyword",
        "filename": "apps/faq_system/tests/test_auth.py",
        "hashed_secret": "6809ffccad03b80fa1fbc32c17e7e054805ec30b",
        "is_verified": false,
        "line_number": 95
      },
      {
        "type": "Secret Keyword",
        "filename": "apps/faq_system/tests/test_auth.py",
        "hashed_secret": "f865b53623b121fd34ee5426c792e5c33af8c227",
        "is_verified": false,
        "line_number": 109
      },
      {
        "type": "Secret Keyword",
        "filename": "apps/faq_system/tests/test_auth.py",
        "hashed_secret": "d4e8e6deaa7b1f8381e09e3e6b83e36f0b681c5c",
        "is_verified": false,
        "line_number": 122
      },
      {
        "type": "Secret Keyword",
        "filename": "apps/faq_system/tests/test_auth.py",
        "hashed_secret": "4892fe74e57859c7834e73e12f6de4e69286f2c4",
        "is_verified": false,
        "line_number": 137
      },
      {
        "type": "Secret Keyword",
        "filename": "apps/faq_system/tests/test_auth.py",
        "hashed_secret": "0015272dfae14656c1a5e060701c5e69a701eb38",
        "is_verified": false,
        "line_number": 197
      },
      {
        "type": "Secret Keyword",
        "filename": "apps/faq_system/tests/test_auth.py",
        "hashed_secret": "198d8ae7e1522cd7866882eb11f408c360225ff8",
        "is_verified": false,
        "line_number": 346
      },
      {
        "type": "Secret Keyword",
        "filename": "apps/faq_system/tests/test_auth.py",
        "hashed_secret": "c56ec01d61c84ba9e78289e62f3d22a1e01cb13e",
        "is_verified": false,
        "line_number": 381
      },
      {
        "type": "Secret Keyword",
        "filename": "apps/faq_system/tests/test_auth.py",
        "hashed_secret": "79b40a55b7d1aec9beaba05c1f2ac4bd374ddb84",
        "is_verified": false,
        "line_number": 608
      },
      {
        "type": "Secret Keyword",
        "filename": "apps/faq_system/tests/test_auth.py",
        "hashed_secret": "b7116d5257ad0e9b82d6fe409b4bc9294be11cb4",
        "is_verified": false,
        "line_number": 774
      }
    ],
    "apps/faq_system/tests/test_auth_register.py": [
      {
        "type": "Secret Keyword",
        "filename": "apps/faq_system/tests/test_auth_register.py",
        "hashed_secret": "cbfdac6008f9cab4083784cbd1874f76618d2a97",
        "is_verified": false,
        "line_number": 17
      }
    ],
    "apps/faq_system/tests/test_enterprise_features.py": [
      {
        "type": "Secret Keyword",
        "filename": "apps/faq_system/tests/test_enterprise_features.py",
        "hashed_secret": "b295d117135a9763da282e7dae73a5ca7d3e5b11",
        "is_verified": false,
        "line_number": 104
      }
    ],
    "apps/legacy_modernization_geo_platform/main.py": [
      {
        "type": "Secret Keyword",
        "filename": "apps/legacy_modernization_geo_platform/main.py",
        "hashed_secret": "13e93b07c01403cdd6c9393583d9fd055ef08160",
        "is_verified": false,
        "line_number": 110
      }
    ],
    "apps/market_trend_monitor/backend/api/main.py": [
      {
        "type": "Secret Keyword",
        "filename": "apps/market_trend_monitor/backend/api/main.py",
        "hashed_secret": "e6dd44d4dd593b445ddecae7425cc284e9faaa4a",
        "is_verified": false,
        "line_number": 59
      },
      {
        "type": "Secret Keyword",
        "filename": "apps/market_trend_monitor/backend/api/main.py",
        "hashed_secret": "0012e361039eead792f92350b33edd7e3518f5c4",
        "is_verified": false,
        "line_number": 60
      }
    ],
    "apps/messaging_hub/.env.example": [
      {
        "type": "Basic Auth Credentials",
        "filename": "apps/messaging_hub/.env.example",
        "hashed_secret": "9d4e1e23bd5b727046a9e3b4b7db57bd8d6ee684",
        "is_verified": false,
        "line_number": 56
      }
    ],
    "apps/messaging_hub/admin_ui/src/shared/auth.ts": [
      {
        "type": "Secret Keyword",
        "filename": "apps/messaging_hub/admin_ui/src/shared/auth.ts",
        "hashed_secret": "a93cdb47101475bd0d64e70abec34fae167d7a8e",
        "is_verified": false,
        "line_number": 1
      }
    ],
    "apps/messaging_hub/admin_ui/tests/e2e/auth-banner.spec.ts": [
      {
        "type": "Secret Keyword",
        "filename": "apps/messaging_hub/admin_ui/tests/e2e/auth-banner.spec.ts",
        "hashed_secret": "a0817eba95612b187315faeaa7f0754d4263a197",
        "is_verified": false,
        "line_number": 33
      }
    ],
    "apps/messaging_hub/app_config.json": [
      {
        "type": "Secret Keyword",
        "filename": "apps/messaging_hub/app_config.json",
        "hashed_secret": "02ecb94373bfb3dfe827ca18409f50b016e8302a",
        "is_verified": false,
        "line_number": 107
      },
      {
        "type": "Secret Keyword",
        "filename": "apps/messaging_hub/app_config.json",
        "hashed_secret": "f8ca0d7266886f4b5be9adddc9b66017b3bf1a4b",
        "is_verified": false,
        "line_number": 127
      }
    ],
    "apps/messaging_hub/main.py": [
      {
        "type": "Secret Keyword",
        "filename": "apps/messaging_hub/main.py",
        "hashed_secret": "a77463c99ebbd855edec9b00792340aec7dfb3b7",
        "is_verified": false,
        "line_number": 144
      },
      {
        "type": "Secret Keyword",
        "filename": "apps/messaging_hub/main.py",
        "hashed_secret": "a93cdb47101475bd0d64e70abec34fae167d7a8e",
        "is_verified": false,
        "line_number": 145
      }
    ],
    "apps/orchestration_guardian/main.py": [
      {
        "type": "Secret Keyword",
        "filename": "apps/orchestration_guardian/main.py",
        "hashed_secret": "3851eab7845a2c71e9a005bf2018dc20cb3083f5",
        "is_verified": false,
        "line_number": 49
      },
      {
        "type": "Secret Keyword",
        "filename": "apps/orchestration_guardian/main.py",
        "hashed_secret": "d7d6a77f3d387aa648dfe442c5f50a7d2256034d",
        "is_verified": false,
        "line_number": 50
      }
    ],
    "code-rules/global/documentation-standards.md": [
      {
        "type": "Basic Auth Credentials",
        "filename": "code-rules/global/documentation-standards.md",
        "hashed_secret": "9d4e1e23bd5b727046a9e3b4b7db57bd8d6ee684",
        "is_verified": false,
        "line_number": 133
      }
    ],
    "code-rules/global/security-standards.md": [
      {
        "type": "Secret Keyword",
        "filename": "code-rules/global/security-standards.md",
        "hashed_secret": "f16abe1568846960a78c9e2e1ea5d366a38770d0",
        "is_verified": false,
        "line_number": 246
      }
    ],
    "code-rules/project/ci-cd-guidelines.md": [
      {
        "type": "Basic Auth Credentials",
        "filename": "code-rules/project/ci-cd-guidelines.md",
        "hashed_secret": "9d4e1e23bd5b727046a9e3b4b7db57bd8d6ee684",
        "is_verified": false,
        "line_number": 397
      }
    ],
    "code-rules/tools/testing.md": [
      {
        "type": "Secret Keyword",
        "filename": "code-rules/tools/testing.md",
        "hashed_secret": "a616a64c0fbc30f12287d0f24f3b90dd2e6a206e",
        "is_verified": false,
        "line_number": 204
      }
    ],
    "control_plane/app_config.json": [
      {
        "type": "Secret Keyword",
        "filename": "control_plane/app_config.json",
        "hashed_secret": "02ecb94373bfb3dfe827ca18409f50b016e8302a",
        "is_verified": false,
        "line_number": 105
      },
      {
        "type": "Secret Keyword",
        "filename": "control_plane/app_config.json",
        "hashed_secret": "f8ca0d7266886f4b5be9adddc9b66017b3bf1a4b",
        "is_verified": false,
        "line_number": 125
      }
    ],
    "control_plane/deploy/targets/aws_lambda.py": [
      {
        "type": "Secret Keyword",
        "filename": "control_plane/deploy/targets/aws_lambda.py",
        "hashed_secret": "6071eefd0d52326a37606773ce700ddf32ed0e34",
        "is_verified": false,
        "line_number": 293
      }
    ],
    "control_plane/deploy/targets/render.py": [
      {
        "type": "Secret Keyword",
        "filename": "control_plane/deploy/targets/render.py",
        "hashed_secret": "d12781cea1c4b9ccd91b01f63a3f915649d95997",
        "is_verified": false,
        "line_number": 191
      }
    ],
    "control_plane/docs/app-config-schema.md": [
      {
        "type": "Secret Keyword",
        "filename": "control_plane/docs/app-config-schema.md",
        "hashed_secret": "02ecb94373bfb3dfe827ca18409f50b016e8302a",
        "is_verified": false,
        "line_number": 247
      },
      {
        "type": "Secret Keyword",
        "filename": "control_plane/docs/app-config-schema.md",
        "hashed_secret": "f8ca0d7266886f4b5be9adddc9b66017b3bf1a4b",
        "is_verified": false,
        "line_number": 275
      }
    ],
    "control_plane/frontend/src/components/LLMManagement.test.tsx": [
      {
        "type": "Secret Keyword",
        "filename": "control_plane/frontend/src/components/LLMManagement.test.tsx",
        "hashed_secret": "02ecb94373bfb3dfe827ca18409f50b016e8302a",
        "is_verified": false,
        "line_number": 57
      }
    ],
    "control_plane/frontend/src/components/LLMManagement.tsx": [
      {
        "type": "Secret Keyword",
        "filename": "control_plane/frontend/src/components/LLMManagement.tsx",
        "hashed_secret": "02ecb94373bfb3dfe827ca18409f50b016e8302a",
        "is_verified": false,
        "line_number": 400
      }
    ],
    "control_plane/frontend/src/components/RAGOverview.tsx": [
      {
        "type": "Basic Auth Credentials",
        "filename": "control_plane/frontend/src/components/RAGOverview.tsx",
        "hashed_secret": "5baa61e4c9b93f3f0682250b6cf8331b7ee68fd8",
        "is_verified": false,
        "line_number": 69
      }
    ],
    "control_plane/frontend/src/i18n/locales/en.json": [
      {
        "type": "Secret Keyword",
        "filename": "control_plane/frontend/src/i18n/locales/en.json",
        "hashed_secret": "70d6e29eec7ba40b39d67a2cbe34b0ba2921e27b",
        "is_verified": false,
        "line_number": 425
      },
      {
        "type": "Secret Keyword",
        "filename": "control_plane/frontend/src/i18n/locales/en.json",
        "hashed_secret": "7a35bb30c641108195a2e5070721d9ec67f63ff7",
        "is_verified": false,
        "line_number": 426
      },
      {
        "type": "Secret Keyword",
        "filename": "control_plane/frontend/src/i18n/locales/en.json",
        "hashed_secret": "98b1b24650411a72275dde2d127e288fb36526db",
        "is_verified": false,
        "line_number": 429
      },
      {
        "type": "Secret Keyword",
        "filename": "control_plane/frontend/src/i18n/locales/en.json",
        "hashed_secret": "1fae568ff470ddc9d4f32424dc89d584b2ca5642",
        "is_verified": false,
        "line_number": 430
      }
    ],
    "control_plane/frontend/src/i18n/locales/ja.json": [
      {
        "type": "Secret Keyword",
        "filename": "control_plane/frontend/src/i18n/locales/ja.json",
        "hashed_secret": "cde5062c675bbdfe400acd81eb6cb9b89905ea29",
        "is_verified": false,
        "line_number": 425
      },
      {
        "type": "Secret Keyword",
        "filename": "control_plane/frontend/src/i18n/locales/ja.json",
        "hashed_secret": "d63630ea90bf21d0fd289f9049c61ac2f8a0000c",
        "is_verified": false,
        "line_number": 426
      },
      {
        "type": "Secret Keyword",
        "filename": "control_plane/frontend/src/i18n/locales/ja.json",
        "hashed_secret": "bec919527531ee4b4a0a10c39dc2b5478ed3d355",
        "is_verified": false,
        "line_number": 429
      },
      {
        "type": "Secret Keyword",
        "filename": "control_plane/frontend/src/i18n/locales/ja.json",
        "hashed_secret": "c6ee34586a8146107d46531a9b06fdef4ab77462",
        "is_verified": false,
        "line_number": 430
      }
    ],
    "control_plane/frontend/src/i18n/locales/zh.json": [
      {
        "type": "Secret Keyword",
        "filename": "control_plane/frontend/src/i18n/locales/zh.json",
        "hashed_secret": "1527b3901cf0f18a3ce64b3a032c35d4171e3cba",
        "is_verified": false,
        "line_number": 418
      },
      {
        "type": "Secret Keyword",
        "filename": "control_plane/frontend/src/i18n/locales/zh.json",
        "hashed_secret": "4f28dd2123c6df43a5545b288115de85c81d3198",
        "is_verified": false,
        "line_number": 419
      },
      {
        "type": "Secret Keyword",
        "filename": "control_plane/frontend/src/i18n/locales/zh.json",
        "hashed_secret": "38a45d83eddc7abc2c8416929b271120448f4f1a",
        "is_verified": false,
        "line_number": 422
      },
      {
        "type": "Secret Keyword",
        "filename": "control_plane/frontend/src/i18n/locales/zh.json",
        "hashed_secret": "7d80043e9b442b301911c9c4b8fd136f1f24790c",
        "is_verified": false,
        "line_number": 423
      }
    ],
    "control_plane/services/rag_overview.py": [
      {
        "type": "Basic Auth Credentials",
        "filename": "control_plane/services/rag_overview.py",
        "hashed_secret": "5baa61e4c9b93f3f0682250b6cf8331b7ee68fd8",
        "is_verified": false,
        "line_number": 147
      }
    ],
    "harness/gating/contract_auth_guard.py": [
      {
        "type": "Secret Keyword",
        "filename": "harness/gating/contract_auth_guard.py",
        "hashed_secret": "665b1e3851eefefa3fb878654292f16597d25155",
        "is_verified": false,
        "line_number": 24
      },
      {
        "type": "Secret Keyword",
        "filename": "harness/gating/contract_auth_guard.py",
        "hashed_secret": "7c28f6e10aac38ffff5a9f6c88f931f48ae98dc0",
        "is_verified": false,
        "line_number": 26
      }
    ],
    "harness/guardrails/data_sanitizer.py": [
      {
        "type": "Secret Keyword",
        "filename": "harness/guardrails/data_sanitizer.py",
        "hashed_secret": "5baa61e4c9b93f3f0682250b6cf8331b7ee68fd8",
        "is_verified": false,
        "line_number": 60
      },
      {
        "type": "Secret Keyword",
        "filename": "harness/guardrails/data_sanitizer.py",
        "hashed_secret": "665b1e3851eefefa3fb878654292f16597d25155",
        "is_verified": false,
        "line_number": 61
      }
    ],
    "infrastructure/llm/gateway/config.py": [
      {
        "type": "Secret Keyword",
        "filename": "infrastructure/llm/gateway/config.py",
        "hashed_secret": "02ecb94373bfb3dfe827ca18409f50b016e8302a",
        "is_verified": false,
        "line_number": 200
      },
      {
        "type": "Secret Keyword",
        "filename": "infrastructure/llm/gateway/config.py",
        "hashed_secret": "f8ca0d7266886f4b5be9adddc9b66017b3bf1a4b",
        "is_verified": false,
        "line_number": 205
      },
      {
        "type": "Secret Keyword",
        "filename": "infrastructure/llm/gateway/config.py",
        "hashed_secret": "3e10d010e7dfb478858d30459fa03f3824340d47",
        "is_verified": false,
        "line_number": 211
      }
    ],
    "infrastructure/security/auth_client/__init__.py": [
      {
        "type": "Secret Keyword",
        "filename": "infrastructure/security/auth_client/__init__.py",
        "hashed_secret": "36842c0e89997dd559a79194d847b3c31622b36f",
        "is_verified": false,
        "line_number": 9
      }
    ],
    "kernel/plugins/packs/infrastructure-skills/stripe-payment/payment.py": [
      {
        "type": "Secret Keyword",
        "filename": "kernel/plugins/packs/infrastructure-skills/stripe-payment/payment.py",
        "hashed_secret": "d45082517bc6c093fec956bd1709b44548feb2fb",
        "is_verified": false,
        "line_number": 59
      },
      {
        "type": "Secret Keyword",
        "filename": "kernel/plugins/packs/infrastructure-skills/stripe-payment/payment.py",
        "hashed_secret": "9d1a8d8480340f9fbc3e556ab08a6a54b68ca09d",
        "is_verified": false,
        "line_number": 60
      }
    ],
    "kernel/plugins/packs/trust_store.json": [
      {
        "type": "Base64 High Entropy String",
        "filename": "kernel/plugins/packs/trust_store.json",
        "hashed_secret": "4046c810c62c75b6771566741060eb4e6ea9cd4a",
        "is_verified": false,
        "line_number": 5
      }
    ],
    "kernel/tools/cli/runtime_manager.py": [
      {
        "type": "Secret Keyword",
        "filename": "kernel/tools/cli/runtime_manager.py",
        "hashed_secret": "02ecb94373bfb3dfe827ca18409f50b016e8302a",
        "is_verified": false,
        "line_number": 72
      },
      {
        "type": "Secret Keyword",
        "filename": "kernel/tools/cli/runtime_manager.py",
        "hashed_secret": "f8ca0d7266886f4b5be9adddc9b66017b3bf1a4b",
        "is_verified": false,
        "line_number": 98
      }
    ],
    "plugins/infrastructure-skills/stripe-payment/payment.py": [
      {
        "type": "Secret Keyword",
        "filename": "plugins/infrastructure-skills/stripe-payment/payment.py",
        "hashed_secret": "d45082517bc6c093fec956bd1709b44548feb2fb",
        "is_verified": false,
        "line_number": 60
      },
      {
        "type": "Secret Keyword",
        "filename": "plugins/infrastructure-skills/stripe-payment/payment.py",
        "hashed_secret": "9d1a8d8480340f9fbc3e556ab08a6a54b68ca09d",
        "is_verified": false,
        "line_number": 61
      }
    ],
    "shared/auth_service/.env.example": [
      {
        "type": "Basic Auth Credentials",
        "filename": "shared/auth_service/.env.example",
        "hashed_secret": "afc848c316af1a89d49826c5ae9d00ed769415f3",
        "is_verified": false,
        "line_number": 15
      }
    ],
    "shared/auth_service/README.md": [
      {
        "type": "Secret Keyword",
        "filename": "shared/auth_service/README.md",
        "hashed_secret": "3bc69e8f812015b0e8fb13d79821707fb53c84b4",
        "is_verified": false,
        "line_number": 121
      },
      {
        "type": "Basic Auth Credentials",
        "filename": "shared/auth_service/README.md",
        "hashed_secret": "afc848c316af1a89d49826c5ae9d00ed769415f3",
        "is_verified": false,
        "line_number": 146
      },
      {
        "type": "Secret Keyword",
        "filename": "shared/auth_service/README.md",
        "hashed_secret": "f865b53623b121fd34ee5426c792e5c33af8c227",
        "is_verified": false,
        "line_number": 252
      }
    ],
    "shared/auth_service/app_config.json": [
      {
        "type": "Basic Auth Credentials",
        "filename": "shared/auth_service/app_config.json",
        "hashed_secret": "afc848c316af1a89d49826c5ae9d00ed769415f3",
        "is_verified": false,
        "line_number": 76
      },
      {
        "type": "Secret Keyword",
        "filename": "shared/auth_service/app_config.json",
        "hashed_secret": "afc848c316af1a89d49826c5ae9d00ed769415f3",
        "is_verified": false,
        "line_number": 81
      }
    ],
    "shared/auth_service/config.py": [
      {
        "type": "Basic Auth Credentials",
        "filename": "shared/auth_service/config.py",
        "hashed_secret": "afc848c316af1a89d49826c5ae9d00ed769415f3",
        "is_verified": false,
        "line_number": 81
      }
    ],
    "shared/auth_service/db/seed.py": [
      {
        "type": "Secret Keyword",
        "filename": "shared/auth_service/db/seed.py",
        "hashed_secret": "f865b53623b121fd34ee5426c792e5c33af8c227",
        "is_verified": false,
        "line_number": 25
      },
      {
        "type": "Secret Keyword",
        "filename": "shared/auth_service/db/seed.py",
        "hashed_secret": "7d9a6a0de07b5d3a621d1742ddcdeab0409e8878",
        "is_verified": false,
        "line_number": 33
      },
      {
        "type": "Secret Keyword",
        "filename": "shared/auth_service/db/seed.py",
        "hashed_secret": "0015272dfae14656c1a5e060701c5e69a701eb38",
        "is_verified": false,
        "line_number": 41
      }
    ],
    "shared/auth_service/frontend/tsconfig.node.tsbuildinfo": [
      {
        "type": "Hex High Entropy String",
        "filename": "shared/auth_service/frontend/tsconfig.node.tsbuildinfo",
        "hashed_secret": "01a5dd1cdf7578d466e679ccb2552336d5362a4a",
        "is_verified": false,
        "line_number": 1
      },
      {
        "type": "Hex High Entropy String",
        "filename": "shared/auth_service/frontend/tsconfig.node.tsbuildinfo",
        "hashed_secret": "02989ac76a74e47b5cc6f084719fb31715b98243",
        "is_verified": false,
        "line_number": 1
      },
      {
        "type": "Hex High Entropy String",
        "filename": "shared/auth_service/frontend/tsconfig.node.tsbuildinfo",
        "hashed_secret": "072aefc8e0d0c8cec2df29f6bc7a6f48eaa16adf",
        "is_verified": false,
        "line_number": 1
      },
      {
        "type": "Hex High Entropy String",
        "filename": "shared/auth_service/frontend/tsconfig.node.tsbuildinfo",
        "hashed_secret": "09f8eb20dc8eb090d2b1db804ab7465938129f84",
        "is_verified": false,
        "line_number": 1
      },
      {
        "type": "Hex High Entropy String",
        "filename": "shared/auth_service/frontend/tsconfig.node.tsbuildinfo",
        "hashed_secret": "0be16c83f218758c0d8ce801b9fbd42bf79fb660",
        "is_verified": false,
        "line_number": 1
      },
      {
        "type": "Hex High Entropy String",
        "filename": "shared/auth_service/frontend/tsconfig.node.tsbuildinfo",
        "hashed_secret": "1073f645c57ebc20e6bf5cc62db8bc3513a05a60",
        "is_verified": false,
        "line_number": 1
      },
      {
        "type": "Hex High Entropy String",
        "filename": "shared/auth_service/frontend/tsconfig.node.tsbuildinfo",
        "hashed_secret": "130f2e4a54d4e6f28d88cc2aa9f3ff75ec291aa0",
        "is_verified": false,
        "line_number": 1
      },
      {
        "type": "Hex High Entropy String",
        "filename": "shared/auth_service/frontend/tsconfig.node.tsbuildinfo",
        "hashed_secret": "14b6993b8203a7959fec3e02533226e167363bfc",
        "is_verified": false,
        "line_number": 1
      },
      {
        "type": "Hex High Entropy String",
        "filename": "shared/auth_service/frontend/tsconfig.node.tsbuildinfo",
        "hashed_secret": "14cd2421400282c7de82e26433cb75d271e84997",
        "is_verified": false,
        "line_number": 1
      },
      {
        "type": "Hex High Entropy String",
        "filename": "shared/auth_service/frontend/tsconfig.node.tsbuildinfo",
        "hashed_secret": "164d540dddeb5e0bad7bc775f14937b5d4987a8a",
        "is_verified": false,
        "line_number": 1
      },
      {
        "type": "Hex High Entropy String",
        "filename": "shared/auth_service/frontend/tsconfig.node.tsbuildinfo",
        "hashed_secret": "18e0510c235115291ca135d93234a09b6914ea37",
        "is_verified": false,
        "line_number": 1
      },
      {
        "type": "Hex High Entropy String",
        "filename": "shared/auth_service/frontend/tsconfig.node.tsbuildinfo",
        "hashed_secret": "1a8d7f76f014374c4f8ad2da45389d01dbf10f85",
        "is_verified": false,
        "line_number": 1
      },
      {
        "type": "Hex High Entropy String",
        "filename": "shared/auth_service/frontend/tsconfig.node.tsbuildinfo",
        "hashed_secret": "1c32674b6e225de7917e987d6ef1297a00294aa2",
        "is_verified": false,
        "line_number": 1
      },
      {
        "type": "Hex High Entropy String",
        "filename": "shared/auth_service/frontend/tsconfig.node.tsbuildinfo",
        "hashed_secret": "1f500f164e5d8b0785a7566443a85a401f79459e",
        "is_verified": false,
        "line_number": 1
      },
      {
        "type": "Hex High Entropy String",
        "filename": "shared/auth_service/frontend/tsconfig.node.tsbuildinfo",
        "hashed_secret": "20d63c717f5ee7813502214e29a1ad5f70242666",
        "is_verified": false,
        "line_number": 1
      },
      {
        "type": "Hex High Entropy String",
        "filename": "shared/auth_service/frontend/tsconfig.node.tsbuildinfo",
        "hashed_secret": "21be5abf1cd575e11c0ad7900b9682a9ee142781",
        "is_verified": false,
        "line_number": 1
      },
      {
        "type": "Hex High Entropy String",
        "filename": "shared/auth_service/frontend/tsconfig.node.tsbuildinfo",
        "hashed_secret": "239360d212d03a2441f1551c72a3f942303c4e2f",
        "is_verified": false,
        "line_number": 1
      },
      {
        "type": "Hex High Entropy String",
        "filename": "shared/auth_service/frontend/tsconfig.node.tsbuildinfo",
        "hashed_secret": "29f8d684618e0323a2ca61b6266e552d9fb5063a",
        "is_verified": false,
        "line_number": 1
      },
      {
        "type": "Hex High Entropy String",
        "filename": "shared/auth_service/frontend/tsconfig.node.tsbuildinfo",
        "hashed_secret": "2a290e21f1408289ee9e1dc2b4503087261dfcb4",
        "is_verified": false,
        "line_number": 1
      },
      {
        "type": "Hex High Entropy String",
        "filename": "shared/auth_service/frontend/tsconfig.node.tsbuildinfo",
        "hashed_secret": "2cbbc48fd7941eb08f2cdb96c87bf7d64f1b653f",
        "is_verified": false,
        "line_number": 1
      },
      {
        "type": "Hex High Entropy String",
        "filename": "shared/auth_service/frontend/tsconfig.node.tsbuildinfo",
        "hashed_secret": "2f63e5eecbcff44eab2dd86c5cb35f7eba8c4735",
        "is_verified": false,
        "line_number": 1
      },
      {
        "type": "Hex High Entropy String",
        "filename": "shared/auth_service/frontend/tsconfig.node.tsbuildinfo",
        "hashed_secret": "336774727c6c88814bfc4e9aab55706afb3e1c98",
        "is_verified": false,
        "line_number": 1
      },
      {
        "type": "Hex High Entropy String",
        "filename": "shared/auth_service/frontend/tsconfig.node.tsbuildinfo",
        "hashed_secret": "342d67f2341f84514b2a52a50912b53ffee895f4",
        "is_verified": false,
        "line_number": 1
      },
      {
        "type": "Hex High Entropy String",
        "filename": "shared/auth_service/frontend/tsconfig.node.tsbuildinfo",
        "hashed_secret": "351c9e5b3c874256deedb068d73747ade7f1bf84",
        "is_verified": false,
        "line_number": 1
      },
      {
        "type": "Hex High Entropy String",
        "filename": "shared/auth_service/frontend/tsconfig.node.tsbuildinfo",
        "hashed_secret": "37a241fbc74d3713de28a58e26690bd8bfe52925",
        "is_verified": false,
        "line_number": 1
      },
      {
        "type": "Hex High Entropy String",
        "filename": "shared/auth_service/frontend/tsconfig.node.tsbuildinfo",
        "hashed_secret": "38138bb8495d605df52392c7cc9cc06705a56057",
        "is_verified": false,
        "line_number": 1
      },
      {
        "type": "Hex High Entropy String",
        "filename": "shared/auth_service/frontend/tsconfig.node.tsbuildinfo",
        "hashed_secret": "385cb9b657b3ce4755b3490d7444f42498c74e15",
        "is_verified": false,
        "line_number": 1
      },
      {
        "type": "Hex High Entropy String",
        "filename": "shared/auth_service/frontend/tsconfig.node.tsbuildinfo",
        "hashed_secret": "38a3a6b63b69498d48a97f2ec6c73377a5e6bb8f",
        "is_verified": false,
        "line_number": 1
      },
      {
        "type": "Hex High Entropy String",
        "filename": "shared/auth_service/frontend/tsconfig.node.tsbuildinfo",
        "hashed_secret": "3908e6db72766c3b5c9e3876dc6ff62945a9ede0",
        "is_verified": false,
        "line_number": 1
      },
      {
        "type": "Hex High Entropy String",
        "filename": "shared/auth_service/frontend/tsconfig.node.tsbuildinfo",
        "hashed_secret": "3da6812c9ba6be17565a0e165e64de0639f94249",
        "is_verified": false,
        "line_number": 1
      },
      {
        "type": "Hex High Entropy String",
        "filename": "shared/auth_service/frontend/tsconfig.node.tsbuildinfo",
        "hashed_secret": "3e80df7aa1453d43587421da91023a349a0fc6f3",
        "is_verified": false,
        "line_number": 1
      },
      {
        "type": "Hex High Entropy String",
        "filename": "shared/auth_service/frontend/tsconfig.node.tsbuildinfo",
        "hashed_secret": "3f6ce0f2ff2bde999dade1b3ec1fd47e34592d8a",
        "is_verified": false,
        "line_number": 1
      },
      {
        "type": "Hex High Entropy String",
        "filename": "shared/auth_service/frontend/tsconfig.node.tsbuildinfo",
        "hashed_secret": "3fffb186d7d69fe4b9155638f30f68364abe61c7",
        "is_verified": false,
        "line_number": 1
      },
      {
        "type": "Hex High Entropy String",
        "filename": "shared/auth_service/frontend/tsconfig.node.tsbuildinfo",
        "hashed_secret": "40473b1974a24d70044a801a26f4dac6451107ae",
        "is_verified": false,
        "line_number": 1
      },
      {
        "type": "Hex High Entropy String",
        "filename": "shared/auth_service/frontend/tsconfig.node.tsbuildinfo",
        "hashed_secret": "417b90d84bc584d28b5ed729745f55787ed0003b",
        "is_verified": false,
        "line_number": 1
      },
      {
        "type": "Hex High Entropy String",
        "filename": "shared/auth_service/frontend/tsconfig.node.tsbuildinfo",
        "hashed_secret": "428ad7b154fa308fab46176e764cfe9ed40140f8",
        "is_verified": false,
        "line_number": 1
      },
      {
        "type": "Hex High Entropy String",
        "filename": "shared/auth_service/frontend/tsconfig.node.tsbuildinfo",
        "hashed_secret": "528c8d2e2a52398ef6fe3cb5cc72419aecbad305",
        "is_verified": false,
        "line_number": 1
      },
      {
        "type": "Hex High Entropy String",
        "filename": "shared/auth_service/frontend/tsconfig.node.tsbuildinfo",
        "hashed_secret": "52f1d4b36814a90b14f430865762c44d36bfc269",
        "is_verified": false,
        "line_number": 1
      },
      {
        "type": "Hex High Entropy String",
        "filename": "shared/auth_service/frontend/tsconfig.node.tsbuildinfo",
        "hashed_secret": "530a97ae90cc810117cd0754e929596f7821d9b9",
        "is_verified": false,
        "line_number": 1
      },
      {
        "type": "Hex High Entropy String",
        "filename": "shared/auth_service/frontend/tsconfig.node.tsbuildinfo",
        "hashed_secret": "54f84033b5788558d6f75d485eb4fa23fa8aaffc",
        "is_verified": false,
        "line_number": 1
      },
      {
        "type": "Hex High Entropy String",
        "filename": "shared/auth_service/frontend/tsconfig.node.tsbuildinfo",
        "hashed_secret": "586cbb744926ea1795c1f2ccc2112dca368a6be9",
        "is_verified": false,
        "line_number": 1
      },
      {
        "type": "Hex High Entropy String",
        "filename": "shared/auth_service/frontend/tsconfig.node.tsbuildinfo",
        "hashed_secret": "5874db6584be92ba08f7c2f4ed6d4d0559f408de",
        "is_verified": false,
        "line_number": 1
      },
      {
        "type": "Hex High Entropy String",
        "filename": "shared/auth_service/frontend/tsconfig.node.tsbuildinfo",
        "hashed_secret": "5b6caaac7a60f69eb3a7fc372e63c0fc6374868d",
        "is_verified": false,
        "line_number": 1
      },
      {
        "type": "Hex High Entropy String",
        "filename": "shared/auth_service/frontend/tsconfig.node.tsbuildinfo",
        "hashed_secret": "5ba64519cdbcc13f2d406a597661083eebc63454",
        "is_verified": false,
        "line_number": 1
      },
      {
        "type": "Hex High Entropy String",
        "filename": "shared/auth_service/frontend/tsconfig.node.tsbuildinfo",
        "hashed_secret": "6cfc52d5fe1f110cb9c6cd0fae70f756906a0fe2",
        "is_verified": false,
        "line_number": 1
      },
      {
        "type": "Hex High Entropy String",
        "filename": "shared/auth_service/frontend/tsconfig.node.tsbuildinfo",
        "hashed_secret": "6ed8603c10a0e2a5e34800a36af9877c83d22431",
        "is_verified": false,
        "line_number": 1
      },
      {
        "type": "Hex High Entropy String",
        "filename": "shared/auth_service/frontend/tsconfig.node.tsbuildinfo",
        "hashed_secret": "7586fa0b89aa40fdd454acf43099c144de8f907a",
        "is_verified": false,
        "line_number": 1
      },
      {
        "type": "Hex High Entropy String",
        "filename": "shared/auth_service/frontend/tsconfig.node.tsbuildinfo",
        "hashed_secret": "7633df9d5d4646ace50db491eeb5d5a14dc50d47",
        "is_verified": false,
        "line_number": 1
      },
      {
        "type": "Hex High Entropy String",
        "filename": "shared/auth_service/frontend/tsconfig.node.tsbuildinfo",
        "hashed_secret": "76d54d5c054ef47c5af4a3b0f4e78d2fed63ffd6",
        "is_verified": false,
        "line_number": 1
      },
      {
        "type": "Hex High Entropy String",
        "filename": "shared/auth_service/frontend/tsconfig.node.tsbuildinfo",
        "hashed_secret": "7b7d4ac81ab569872062582d1790d80d8aa02d64",
        "is_verified": false,
        "line_number": 1
      },
      {
        "type": "Hex High Entropy String",
        "filename": "shared/auth_service/frontend/tsconfig.node.tsbuildinfo",
        "hashed_secret": "7f607b391a3ce0da177d550a98fc3084bf4253a7",
        "is_verified": false,
        "line_number": 1
      },
      {
        "type": "Hex High Entropy String",
        "filename": "shared/auth_service/frontend/tsconfig.node.tsbuildinfo",
        "hashed_secret": "8026697ce2971b80357fbe2bf158564711d6dd25",
        "is_verified": false,
        "line_number": 1
      },
      {
        "type": "Hex High Entropy String",
        "filename": "shared/auth_service/frontend/tsconfig.node.tsbuildinfo",
        "hashed_secret": "8043ae14830707fa51a7b2f18c5c3ed88d5871fd",
        "is_verified": false,
        "line_number": 1
      },
      {
        "type": "Hex High Entropy String",
        "filename": "shared/auth_service/frontend/tsconfig.node.tsbuildinfo",
        "hashed_secret": "848a8434b51f776bb56416487a435650e4f31b4e",
        "is_verified": false,
        "line_number": 1
      },
      {
        "type": "Hex High Entropy String",
        "filename": "shared/auth_service/frontend/tsconfig.node.tsbuildinfo",
        "hashed_secret": "893c551c545dcc379d83a38c9b803378bd470a7e",
        "is_verified": false,
        "line_number": 1
      },
      {
        "type": "Hex High Entropy String",
        "filename": "shared/auth_service/frontend/tsconfig.node.tsbuildinfo",
        "hashed_secret": "89726c72a40fa4f16d4f8677af44df533b1f872e",
        "is_verified": false,
        "line_number": 1
      },
      {
        "type": "Hex High Entropy String",
        "filename": "shared/auth_service/frontend/tsconfig.node.tsbuildinfo",
        "hashed_secret": "8b85ea802f436e0c4e98013d52b6986b6ba94536",
        "is_verified": false,
        "line_number": 1
      },
      {
        "type": "Hex High Entropy String",
        "filename": "shared/auth_service/frontend/tsconfig.node.tsbuildinfo",
        "hashed_secret": "8f8ab8e62904cef07118ca9705adc777722bb800",
        "is_verified": false,
        "line_number": 1
      },
      {
        "type": "Hex High Entropy String",
        "filename": "shared/auth_service/frontend/tsconfig.node.tsbuildinfo",
        "hashed_secret": "8ff2fb78e9eeecec6f51ffa45912bcdbb14da4aa",
        "is_verified": false,
        "line_number": 1
      },
      {
        "type": "Hex High Entropy String",
        "filename": "shared/auth_service/frontend/tsconfig.node.tsbuildinfo",
        "hashed_secret": "944a6cbc88a8b60a3ba25ddca9e73633ff83ad3e",
        "is_verified": false,
        "line_number": 1
      },
      {
        "type": "Hex High Entropy String",
        "filename": "shared/auth_service/frontend/tsconfig.node.tsbuildinfo",
        "hashed_secret": "969c47ddbd254bd76d48b683ff6a56bd646f5e0d",
        "is_verified": false,
        "line_number": 1
      },
      {
        "type": "Hex High Entropy String",
        "filename": "shared/auth_service/frontend/tsconfig.node.tsbuildinfo",
        "hashed_secret": "97b495d16fa86a0d4a80b8f11a5f9a6ebf86022c",
        "is_verified": false,
        "line_number": 1
      },
      {
        "type": "Hex High Entropy String",
        "filename": "shared/auth_service/frontend/tsconfig.node.tsbuildinfo",
        "hashed_secret": "98e9889950f5f202ff53e6302d6f1a400b3b33ac",
        "is_verified": false,
        "line_number": 1
      },
      {
        "type": "Hex High Entropy String",
        "filename": "shared/auth_service/frontend/tsconfig.node.tsbuildinfo",
        "hashed_secret": "9b28ac5152d074e0f9b3f65dd93c6193ba442076",
        "is_verified": false,
        "line_number": 1
      },
      {
        "type": "Hex High Entropy String",
        "filename": "shared/auth_service/frontend/tsconfig.node.tsbuildinfo",
        "hashed_secret": "9ddd7016fa1cdb6c074716723d9bc0075f5f363b",
        "is_verified": false,
        "line_number": 1
      },
      {
        "type": "Hex High Entropy String",
        "filename": "shared/auth_service/frontend/tsconfig.node.tsbuildinfo",
        "hashed_secret": "9e939c134890f5dffc0a098b4d836b3355a58c9b",
        "is_verified": false,
        "line_number": 1
      },
      {
        "type": "Hex High Entropy String",
        "filename": "shared/auth_service/frontend/tsconfig.node.tsbuildinfo",
        "hashed_secret": "a1922d8199b8ad982beb42460264a08176cad0cb",
        "is_verified": false,
        "line_number": 1
      },
      {
        "type": "Hex High Entropy String",
        "filename": "shared/auth_service/frontend/tsconfig.node.tsbuildinfo",
        "hashed_secret": "a327bc3e05f14a9f32de558b1a5d69ffc75523ba",
        "is_verified": false,
        "line_number": 1
      },
      {
        "type": "Hex High Entropy String",
        "filename": "shared/auth_service/frontend/tsconfig.node.tsbuildinfo",
        "hashed_secret": "a3e8d1d4a64c25d5338344ea0bdd1c5258990ced",
        "is_verified": false,
        "line_number": 1
      },
      {
        "type": "Hex High Entropy String",
        "filename": "shared/auth_service/frontend/tsconfig.node.tsbuildinfo",
        "hashed_secret": "a48f5545d6abd3e99bcc5362d6d6756893066123",
        "is_verified": false,
        "line_number": 1
      },
      {
        "type": "Hex High Entropy String",
        "filename": "shared/auth_service/frontend/tsconfig.node.tsbuildinfo",
        "hashed_secret": "a60948ed94cfdcd7dd27b642086ffc46ec594342",
        "is_verified": false,
        "line_number": 1
      },
      {
        "type": "Hex High Entropy String",
        "filename": "shared/auth_service/frontend/tsconfig.node.tsbuildinfo",
        "hashed_secret": "a625afd03d3b95319e5738a4aabd9274873fc0db",
        "is_verified": false,
        "line_number": 1
      },
      {
        "type": "Hex High Entropy String",
        "filename": "shared/auth_service/frontend/tsconfig.node.tsbuildinfo",
        "hashed_secret": "a6e7fe822b671b308ed3e705ed6aec5add11394b",
        "is_verified": false,
        "line_number": 1
      },
      {
        "type": "Hex High Entropy String",
        "filename": "shared/auth_service/frontend/tsconfig.node.tsbuildinfo",
        "hashed_secret": "a7d2264d701b27d35e84fcde23735530b8044be2",
        "is_verified": false,
        "line_number": 1
      },
      {
        "type": "Hex High Entropy String",
        "filename": "shared/auth_service/frontend/tsconfig.node.tsbuildinfo",
        "hashed_secret": "a99df505043699b43cedbc864baab09c1e669593",
        "is_verified": false,
        "line_number": 1
      },
      {
        "type": "Hex High Entropy String",
        "filename": "shared/auth_service/frontend/tsconfig.node.tsbuildinfo",
        "hashed_secret": "a9dae1baa680b0406f6f53f5aa1f2c2a5a5369bb",
        "is_verified": false,
        "line_number": 1
      },
      {
        "type": "Hex High Entropy String",
        "filename": "shared/auth_service/frontend/tsconfig.node.tsbuildinfo",
        "hashed_secret": "ad2285c3516fb2cc445665b9c366e4cc3174e637",
        "is_verified": false,
        "line_number": 1
      },
      {
        "type": "Hex High Entropy String",
        "filename": "shared/auth_service/frontend/tsconfig.node.tsbuildinfo",
        "hashed_secret": "b268af1b19da38c60b38450c0b6a41023dbb4668",
        "is_verified": false,
        "line_number": 1
      },
      {
        "type": "Hex High Entropy String",
        "filename": "shared/auth_service/frontend/tsconfig.node.tsbuildinfo",
        "hashed_secret": "b299d107931784be8d38ce4d61eaa848fb76bc5c",
        "is_verified": false,
        "line_number": 1
      },
      {
        "type": "Hex High Entropy String",
        "filename": "shared/auth_service/frontend/tsconfig.node.tsbuildinfo",
        "hashed_secret": "b34ceb45f0ca3c0ee324bec8f5b64e17737dc0cb",
        "is_verified": false,
        "line_number": 1
      },
      {
        "type": "Hex High Entropy String",
        "filename": "shared/auth_service/frontend/tsconfig.node.tsbuildinfo",
        "hashed_secret": "b5480545b59f687317363df222c5862107e3da7f",
        "is_verified": false,
        "line_number": 1
      },
      {
        "type": "Hex High Entropy String",
        "filename": "shared/auth_service/frontend/tsconfig.node.tsbuildinfo",
        "hashed_secret": "b5ff1842744896daca74908cf1db377120155290",
        "is_verified": false,
        "line_number": 1
      },
      {
        "type": "Hex High Entropy String",
        "filename": "shared/auth_service/frontend/tsconfig.node.tsbuildinfo",
        "hashed_secret": "bc5e95286e79594d55524b3488b055c893773aba",
        "is_verified": false,
        "line_number": 1
      },
      {
        "type": "Hex High Entropy String",
        "filename": "shared/auth_service/frontend/tsconfig.node.tsbuildinfo",
        "hashed_secret": "be1ba535e5c56e49f784344dc076f17793fa85ca",
        "is_verified": false,
        "line_number": 1
      },
      {
        "type": "Hex High Entropy String",
        "filename": "shared/auth_service/frontend/tsconfig.node.tsbuildinfo",
        "hashed_secret": "becc6e4060d63f2f08587024f1946680f7df095b",
        "is_verified": false,
        "line_number": 1
      },
      {
        "type": "Hex High Entropy String",
        "filename": "shared/auth_service/frontend/tsconfig.node.tsbuildinfo",
        "hashed_secret": "c9acf78fd5b59574621d06ffc348a151810be286",
        "is_verified": false,
        "line_number": 1
      },
      {
        "type": "Hex High Entropy String",
        "filename": "shared/auth_service/frontend/tsconfig.node.tsbuildinfo",
        "hashed_secret": "cb222c8c4bb1ca24ec8e2e5fbaa8f602b87a1b2f",
        "is_verified": false,
        "line_number": 1
      },
      {
        "type": "Hex High Entropy String",
        "filename": "shared/auth_service/frontend/tsconfig.node.tsbuildinfo",
        "hashed_secret": "cf5e01090d6f372bc342f420d666ee240c7ee46d",
        "is_verified": false,
        "line_number": 1
      },
      {
        "type": "Hex High Entropy String",
        "filename": "shared/auth_service/frontend/tsconfig.node.tsbuildinfo",
        "hashed_secret": "d0265a3a03fd321a82353b08fc6be0490f0896e9",
        "is_verified": false,
        "line_number": 1
      },
      {
        "type": "Hex High Entropy String",
        "filename": "shared/auth_service/frontend/tsconfig.node.tsbuildinfo",
        "hashed_secret": "d1448b73a6dae41ad0148c682d1556a4bb382f8f",
        "is_verified": false,
        "line_number": 1
      },
      {
        "type": "Hex High Entropy String",
        "filename": "shared/auth_service/frontend/tsconfig.node.tsbuildinfo",
        "hashed_secret": "d1a361643294b556e8cc4b779cd390f143988400",
        "is_verified": false,
        "line_number": 1
      },
      {
        "type": "Hex High Entropy String",
        "filename": "shared/auth_service/frontend/tsconfig.node.tsbuildinfo",
        "hashed_secret": "d455c5c5d92e3e764a3890b3aaa3b0a300a84be2",
        "is_verified": false,
        "line_number": 1
      },
      {
        "type": "Hex High Entropy String",
        "filename": "shared/auth_service/frontend/tsconfig.node.tsbuildinfo",
        "hashed_secret": "d79c79387a25547c8f9054a9a4d22781100c78b3",
        "is_verified": false,
        "line_number": 1
      },
      {
        "type": "Hex High Entropy String",
        "filename": "shared/auth_service/frontend/tsconfig.node.tsbuildinfo",
        "hashed_secret": "d9ea1b5eec7b67d32cc75b8f36fcebc507ba3b0c",
        "is_verified": false,
        "line_number": 1
      },
      {
        "type": "Hex High Entropy String",
        "filename": "shared/auth_service/frontend/tsconfig.node.tsbuildinfo",
        "hashed_secret": "deaf2e88e768457620e574f15d00d0d4710642a1",
        "is_verified": false,
        "line_number": 1
      },
      {
        "type": "Hex High Entropy String",
        "filename": "shared/auth_service/frontend/tsconfig.node.tsbuildinfo",
        "hashed_secret": "e2abe5732f02e93db9c778194356b50f901fc193",
        "is_verified": false,
        "line_number": 1
      },
      {
        "type": "Hex High Entropy String",
        "filename": "shared/auth_service/frontend/tsconfig.node.tsbuildinfo",
        "hashed_secret": "e430acdedbadc5cc290286af0e68d588c415f941",
        "is_verified": false,
        "line_number": 1
      },
      {
        "type": "Hex High Entropy String",
        "filename": "shared/auth_service/frontend/tsconfig.node.tsbuildinfo",
        "hashed_secret": "e80366d275d375a3e50d681e7faf5f0df9f8a075",
        "is_verified": false,
        "line_number": 1
      },
      {
        "type": "Hex High Entropy String",
        "filename": "shared/auth_service/frontend/tsconfig.node.tsbuildinfo",
        "hashed_secret": "ea256b5681473852027bc180f38d43f9d9d3ad4a",
        "is_verified": false,
        "line_number": 1
      },
      {
        "type": "Hex High Entropy String",
        "filename": "shared/auth_service/frontend/tsconfig.node.tsbuildinfo",
        "hashed_secret": "ebc84fc86ce14fab60bcba28b3276064d9374846",
        "is_verified": false,
        "line_number": 1
      },
      {
        "type": "Hex High Entropy String",
        "filename": "shared/auth_service/frontend/tsconfig.node.tsbuildinfo",
        "hashed_secret": "ed7f43ec895faa0e4ff9585f804a423f008f9080",
        "is_verified": false,
        "line_number": 1
      },
      {
        "type": "Hex High Entropy String",
        "filename": "shared/auth_service/frontend/tsconfig.node.tsbuildinfo",
        "hashed_secret": "f22a481d5ce7b58ec50216c338ec51137f1bc4b9",
        "is_verified": false,
        "line_number": 1
      },
      {
        "type": "Hex High Entropy String",
        "filename": "shared/auth_service/frontend/tsconfig.node.tsbuildinfo",
        "hashed_secret": "f3aa78310ae11d40a9eb3b3feb4fa6fcc9dcb822",
        "is_verified": false,
        "line_number": 1
      },
      {
        "type": "Hex High Entropy String",
        "filename": "shared/auth_service/frontend/tsconfig.node.tsbuildinfo",
        "hashed_secret": "f7bb8fc2488c9e2edac2e7bbec8d79406737da44",
        "is_verified": false,
        "line_number": 1
      },
      {
        "type": "Hex High Entropy String",
        "filename": "shared/auth_service/frontend/tsconfig.node.tsbuildinfo",
        "hashed_secret": "f8355330019453c99d6ca98fbca2312e27dc201f",
        "is_verified": false,
        "line_number": 1
      },
      {
        "type": "Hex High Entropy String",
        "filename": "shared/auth_service/frontend/tsconfig.node.tsbuildinfo",
        "hashed_secret": "fb2f68bb0c56022dc54f5e46f38a430fc92bd706",
        "is_verified": false,
        "line_number": 1
      },
      {
        "type": "Hex High Entropy String",
        "filename": "shared/auth_service/frontend/tsconfig.node.tsbuildinfo",
        "hashed_secret": "feb8e2efc67b3f662c0001e17f78aae7a9522083",
        "is_verified": false,
        "line_number": 1
      },
      {
        "type": "Hex High Entropy String",
        "filename": "shared/auth_service/frontend/tsconfig.node.tsbuildinfo",
        "hashed_secret": "fef78b73a58154ca75a06043798a7df847f7bab7",
        "is_verified": false,
        "line_number": 1
      },
      {
        "type": "Hex High Entropy String",
        "filename": "shared/auth_service/frontend/tsconfig.node.tsbuildinfo",
        "hashed_secret": "ffff8e5aa0f1a4437c40b37a68aea8422bbe86d7",
        "is_verified": false,
        "line_number": 1
      }
    ],
    "shared/datalake/auth.py": [
      {
        "type": "Secret Keyword",
        "filename": "shared/datalake/auth.py",
        "hashed_secret": "b60d121b438a380c343d5ec3c2037564b82ffef3",
        "is_verified": false,
        "line_number": 77
      }
    ],
    "shared/datalake/connectors/database.py": [
      {
        "type": "Basic Auth Credentials",
        "filename": "shared/datalake/connectors/database.py",
        "hashed_secret": "9d4e1e23bd5b727046a9e3b4b7db57bd8d6ee684",
        "is_verified": false,
        "line_number": 8
      }
    ],
    "shared/datalake/connectors/s3.py": [
      {
        "type": "Secret Keyword",
        "filename": "shared/datalake/connectors/s3.py",
        "hashed_secret": "bc565f6e909ec7d3c18e2ff5d9eeb2300ff20b7f",
        "is_verified": false,
        "line_number": 72
      }
    ],
    "shared/skills/builtin/bi_analytics/connector.py": [
      {
        "type": "Basic Auth Credentials",
        "filename": "shared/skills/builtin/bi_analytics/connector.py",
        "hashed_secret": "9d4e1e23bd5b727046a9e3b4b7db57bd8d6ee684",
        "is_verified": false,
        "line_number": 161
      }
    ],
    "tests/apps/auth_service/conftest.py": [
      {
        "type": "Secret Keyword",
        "filename": "tests/apps/auth_service/conftest.py",
        "hashed_secret": "7e851f877bd48acf3bbb2264c24aba2305b1c398",
        "is_verified": false,
        "line_number": 20
      },
      {
        "type": "Secret Keyword",
        "filename": "tests/apps/auth_service/conftest.py",
        "hashed_secret": "f865b53623b121fd34ee5426c792e5c33af8c227",
        "is_verified": false,
        "line_number": 73
      },
      {
        "type": "Secret Keyword",
        "filename": "tests/apps/auth_service/conftest.py",
        "hashed_secret": "7d9a6a0de07b5d3a621d1742ddcdeab0409e8878",
        "is_verified": false,
        "line_number": 89
      },
      {
        "type": "Secret Keyword",
        "filename": "tests/apps/auth_service/conftest.py",
        "hashed_secret": "0015272dfae14656c1a5e060701c5e69a701eb38",
        "is_verified": false,
        "line_number": 105
      }
    ],
    "tests/apps/auth_service/test_authorization_e2e.py": [
      {
        "type": "Secret Keyword",
        "filename": "tests/apps/auth_service/test_authorization_e2e.py",
        "hashed_secret": "0015272dfae14656c1a5e060701c5e69a701eb38",
        "is_verified": false,
        "line_number": 101
      },
      {
        "type": "Secret Keyword",
        "filename": "tests/apps/auth_service/test_authorization_e2e.py",
        "hashed_secret": "f865b53623b121fd34ee5426c792e5c33af8c227",
        "is_verified": false,
        "line_number": 356
      },
      {
        "type": "Secret Keyword",
        "filename": "tests/apps/auth_service/test_authorization_e2e.py",
        "hashed_secret": "3bc21fd44ce4590137481f2755c0c8dbedffb56b",
        "is_verified": false,
        "line_number": 452
      },
      {
        "type": "Secret Keyword",
        "filename": "tests/apps/auth_service/test_authorization_e2e.py",
        "hashed_secret": "f5ab20577e8d66125d38410988010cde577a62f5",
        "is_verified": false,
        "line_number": 598
      }
    ],
    "tests/apps/auth_service/test_authorization_e2e_playwright.py": [
      {
        "type": "Secret Keyword",
        "filename": "tests/apps/auth_service/test_authorization_e2e_playwright.py",
        "hashed_secret": "f865b53623b121fd34ee5426c792e5c33af8c227",
        "is_verified": false,
        "line_number": 86
      },
      {
        "type": "Secret Keyword",
        "filename": "tests/apps/auth_service/test_authorization_e2e_playwright.py",
        "hashed_secret": "0015272dfae14656c1a5e060701c5e69a701eb38",
        "is_verified": false,
        "line_number": 140
      }
    ],
    "tests/control_plane/conftest.py": [
      {
        "type": "Basic Auth Credentials",
        "filename": "tests/control_plane/conftest.py",
        "hashed_secret": "5baa61e4c9b93f3f0682250b6cf8331b7ee68fd8",
        "is_verified": false,
        "line_number": 133
      }
    ],
    "tests/control_plane/test_framework_audit.py": [
      {
        "type": "Secret Keyword",
        "filename": "tests/control_plane/test_framework_audit.py",
        "hashed_secret": "2cfca21270deaf784d520e28cb126eff5c988e12",
        "is_verified": false,
        "line_number": 56
      },
      {
        "type": "Secret Keyword",
        "filename": "tests/control_plane/test_framework_audit.py",
        "hashed_secret": "400364be7d513faf0e5a25355f2c85b0359d8c42",
        "is_verified": false,
        "line_number": 278
      }
    ],
    "tests/control_plane/test_llm_management_e2e.spec.ts": [
      {
        "type": "Secret Keyword",
        "filename": "tests/control_plane/test_llm_management_e2e.spec.ts",
        "hashed_secret": "02ecb94373bfb3dfe827ca18409f50b016e8302a",
        "is_verified": false,
        "line_number": 13
      }
    ],
    "tests/control_plane/test_llm_management_setup_manager.py": [
      {
        "type": "Secret Keyword",
        "filename": "tests/control_plane/test_llm_management_setup_manager.py",
        "hashed_secret": "02ecb94373bfb3dfe827ca18409f50b016e8302a",
        "is_verified": false,
        "line_number": 54
      }
    ],
    "tests/control_plane/test_llm_management_switch_service.py": [
      {
        "type": "Secret Keyword",
        "filename": "tests/control_plane/test_llm_management_switch_service.py",
        "hashed_secret": "02ecb94373bfb3dfe827ca18409f50b016e8302a",
        "is_verified": false,
        "line_number": 132
      }
    ],
    "tests/control_plane/test_llm_management_validator.py": [
      {
        "type": "Secret Keyword",
        "filename": "tests/control_plane/test_llm_management_validator.py",
        "hashed_secret": "02ecb94373bfb3dfe827ca18409f50b016e8302a",
        "is_verified": false,
        "line_number": 12
      },
      {
        "type": "Secret Keyword",
        "filename": "tests/control_plane/test_llm_management_validator.py",
        "hashed_secret": "3e10d010e7dfb478858d30459fa03f3824340d47",
        "is_verified": false,
        "line_number": 13
      }
    ],
    "tests/control_plane/test_rag_overview.py": [
      {
        "type": "Basic Auth Credentials",
        "filename": "tests/control_plane/test_rag_overview.py",
        "hashed_secret": "5baa61e4c9b93f3f0682250b6cf8331b7ee68fd8",
        "is_verified": false,
        "line_number": 166
      }
    ],
    "tests/control_plane/test_runtime_command_resolver.py": [
      {
        "type": "Basic Auth Credentials",
        "filename": "tests/control_plane/test_runtime_command_resolver.py",
        "hashed_secret": "afc848c316af1a89d49826c5ae9d00ed769415f3",
        "is_verified": false,
        "line_number": 109
      }
    ],
    "tests/datalake/test_datalake.py": [
      {
        "type": "Basic Auth Credentials",
        "filename": "tests/datalake/test_datalake.py",
        "hashed_secret": "9d4e1e23bd5b727046a9e3b4b7db57bd8d6ee684",
        "is_verified": false,
        "line_number": 234
      }
    ],
    "tests/e2e/test_llm_provider_smoke.py": [
      {
        "type": "Secret Keyword",
        "filename": "tests/e2e/test_llm_provider_smoke.py",
        "hashed_secret": "02ecb94373bfb3dfe827ca18409f50b016e8302a",
        "is_verified": false,
        "line_number": 55
      },
      {
        "type": "Secret Keyword",
        "filename": "tests/e2e/test_llm_provider_smoke.py",
        "hashed_secret": "f8ca0d7266886f4b5be9adddc9b66017b3bf1a4b",
        "is_verified": false,
        "line_number": 75
      },
      {
        "type": "Secret Keyword",
        "filename": "tests/e2e/test_llm_provider_smoke.py",
        "hashed_secret": "1db4aba2bc9d400d5e75f5473ff811cd819a436d",
        "is_verified": false,
        "line_number": 95
      }
    ],
    "tests/memory/distributed/test_postgres_backend.py": [
      {
        "type": "Secret Keyword",
        "filename": "tests/memory/distributed/test_postgres_backend.py",
        "hashed_secret": "c94d65f02a652d11c2e5c2e1ccf38dce5a076e1e",
        "is_verified": false,
        "line_number": 21
      }
    ],
    "tests/unit/test_cli_runtime_manager.py": [
      {
        "type": "Secret Keyword",
        "filename": "tests/unit/test_cli_runtime_manager.py",
        "hashed_secret": "6af5a378fdb0e7d397c9f47c744e5e14195c0228",
        "is_verified": false,
        "line_number": 55
      }
    ],
    "tests/unit/test_contract_auth_guard.py": [
      {
        "type": "Secret Keyword",
        "filename": "tests/unit/test_contract_auth_guard.py",
        "hashed_secret": "6af5a378fdb0e7d397c9f47c744e5e14195c0228",
        "is_verified": false,
        "line_number": 50
      }
    ],
    "tests/unit/test_database_module.py": [
      {
        "type": "Basic Auth Credentials",
        "filename": "tests/unit/test_database_module.py",
        "hashed_secret": "9d4e1e23bd5b727046a9e3b4b7db57bd8d6ee684",
        "is_verified": false,
        "line_number": 42
      }
    ],
    "tests/unit/test_deploy_module.py": [
      {
        "type": "Secret Keyword",
        "filename": "tests/unit/test_deploy_module.py",
        "hashed_secret": "e5e9fa1ba31ecd1ae84f75caaa474f3a663f05f4",
        "is_verified": false,
        "line_number": 99
      }
    ],
    "tests/unit/test_llm_gateway_config.py": [
      {
        "type": "Secret Keyword",
        "filename": "tests/unit/test_llm_gateway_config.py",
        "hashed_secret": "02ecb94373bfb3dfe827ca18409f50b016e8302a",
        "is_verified": false,
        "line_number": 79
      }
    ],
    "tests/unit/test_llm_management_service.py": [
      {
        "type": "Secret Keyword",
        "filename": "tests/unit/test_llm_management_service.py",
        "hashed_secret": "02ecb94373bfb3dfe827ca18409f50b016e8302a",
        "is_verified": false,
        "line_number": 173
      },
      {
        "type": "Secret Keyword",
        "filename": "tests/unit/test_llm_management_service.py",
        "hashed_secret": "2a2797426ff991fa76019ad028e525cfc3ca4e91",
        "is_verified": false,
        "line_number": 174
      }
    ],
    "tests/unit/test_llm_provider.py": [
      {
        "type": "Secret Keyword",
        "filename": "tests/unit/test_llm_provider.py",
        "hashed_secret": "e9a5f12a8ecbb3eb46eca5096b5c52aa5e7c9fdd",
        "is_verified": false,
        "line_number": 30
      }
    ],
    "tests/unit/test_platform.py": [
      {
        "type": "Secret Keyword",
        "filename": "tests/unit/test_platform.py",
        "hashed_secret": "e5e9fa1ba31ecd1ae84f75caaa474f3a663f05f4",
        "is_verified": false,
        "line_number": 343
      }
    ],
    "tests/unit/test_runtime_context.py": [
      {
        "type": "Secret Keyword",
        "filename": "tests/unit/test_runtime_context.py",
        "hashed_secret": "e9a5f12a8ecbb3eb46eca5096b5c52aa5e7c9fdd",
        "is_verified": false,
        "line_number": 33
      }
    ],
    "tests/unit/test_security_module.py": [
      {
        "type": "Secret Keyword",
        "filename": "tests/unit/test_security_module.py",
        "hashed_secret": "35e6ca489e73a8991165cdcfc2b79eb0d25ed0a3",
        "is_verified": false,
        "line_number": 77
      },
      {
        "type": "Secret Keyword",
        "filename": "tests/unit/test_security_module.py",
        "hashed_secret": "e9a5f12a8ecbb3eb46eca5096b5c52aa5e7c9fdd",
        "is_verified": false,
        "line_number": 91
      },
      {
        "type": "Secret Keyword",
        "filename": "tests/unit/test_security_module.py",
        "hashed_secret": "408a11ba36a378f62122922897c0532220dc9154",
        "is_verified": false,
        "line_number": 104
      },
      {
        "type": "Secret Keyword",
        "filename": "tests/unit/test_security_module.py",
        "hashed_secret": "b83efb89100a5f11b5cb4418471326f6c5b669c7",
        "is_verified": false,
        "line_number": 113
      }
    ]
  },
  "generated_at": "2026-04-01T05:20:25Z"
}
